[2026-09-24T06:40:19Z INFO  adaptive_ee_ablation::cli::cache] Reusing preset-compatible legacy cache cache/orion_parlayann/gist_n1000000_r100_l200_a1_10_ex16_pct60.bin
[2026-09-24T06:40:19Z INFO  adaptive_ee_ablation::cli::index] Loading cached PhasedGraph from "cache/orion_parlayann/gist_n1000000_r100_l200_a1_10_ex16_pct60.pgraph"
[2026-09-24T06:40:20Z INFO  orion::algorithm::search::calibrate] calibrate: 200 queries, 1335 gaps, gap_p50=2, gap_p90=9, gap_p95=13, tail_p50=26
[2026-09-24T06:40:20Z INFO  orion::algorithm::search::calibrate]   gap 0-1     : 617 (46.2%)
[2026-09-24T06:40:20Z INFO  orion::algorithm::search::calibrate]   gap 2       : 224 (16.8%)
[2026-09-24T06:40:20Z INFO  orion::algorithm::search::calibrate]   gap 3-4     : 182 (13.6%)
[2026-09-24T06:40:20Z INFO  orion::algorithm::search::calibrate]   gap 5-7     : 143 (10.7%)
[2026-09-24T06:40:20Z INFO  orion::algorithm::search::calibrate]   gap 8-15    : 126 (9.4%)
[2026-09-24T06:40:20Z INFO  orion::algorithm::search::calibrate]   gap 16-31   : 42 (3.1%)
[2026-09-24T06:40:20Z INFO  orion::algorithm::search::calibrate]   gap 32+     : 1 (0.1%)
[2026-09-24T06:40:20Z INFO  orion::algorithm::search::calibrate] calibrate result: k=10, metric=L2, threshold=0.20, early_exit_limit=13 (gap_p95)
[2026-09-24T06:40:20Z INFO  adaptive_ee_ablation] Shared calibration: threshold=0.19600001, EE limit=13
[2026-09-24T06:40:21Z INFO  orion::index::compressed_index] JLSparseDataset (L2, NZ=9) loaded from "cache/orion_parlayann/gist_n1000000_r100_l200_a1_10_ex16_pct60.jls"
[2026-09-24T06:40:21Z INFO  orion::index::compressed_index] L2KTDataset loaded from "cache/orion_parlayann/gist_n1000000_r100_l200_a1_10_ex16_pct60.qdsl2kt"
[2026-09-24T06:40:21Z INFO  adaptive_ee_ablation] L=16 full recall=0.757900 QPS=128919 NDC=2010.128
[2026-09-24T06:40:21Z INFO  adaptive_ee_ablation] L=16 adaptive recall=0.756600 QPS=128533 NDC=1997.657
[2026-09-24T06:40:21Z INFO  adaptive_ee_ablation] L=16 ee_only recall=0.757900 QPS=129472 NDC=2010.128
[2026-09-24T06:40:21Z INFO  adaptive_ee_ablation] L=16 adaptive_ee recall=0.756600 QPS=129920 NDC=1997.657
[2026-09-24T06:40:22Z INFO  adaptive_ee_ablation] L=18 full recall=0.778400 QPS=118610 NDC=2186.872
[2026-09-24T06:40:22Z INFO  adaptive_ee_ablation] L=18 adaptive recall=0.775900 QPS=119893 NDC=2167.926
[2026-09-24T06:40:22Z INFO  adaptive_ee_ablation] L=18 ee_only recall=0.778400 QPS=116457 NDC=2186.872
[2026-09-24T06:40:22Z INFO  adaptive_ee_ablation] L=18 adaptive_ee recall=0.775900 QPS=112794 NDC=2167.926
[2026-09-24T06:40:22Z INFO  adaptive_ee_ablation] L=20 full recall=0.800800 QPS=113175 NDC=2375.76
[2026-09-24T06:40:22Z INFO  adaptive_ee_ablation] L=20 adaptive recall=0.797400 QPS=114763 NDC=2347.185
[2026-09-24T06:40:22Z INFO  adaptive_ee_ablation] L=20 ee_only recall=0.800800 QPS=116084 NDC=2375.76
[2026-09-24T06:40:22Z INFO  adaptive_ee_ablation] L=20 adaptive_ee recall=0.797400 QPS=114229 NDC=2347.185
[2026-09-24T06:40:23Z INFO  adaptive_ee_ablation] L=22 full recall=0.820400 QPS=100516 NDC=2550.416
[2026-09-24T06:40:23Z INFO  adaptive_ee_ablation] L=22 adaptive recall=0.816700 QPS=101131 NDC=2516.801
[2026-09-24T06:40:23Z INFO  adaptive_ee_ablation] L=22 ee_only recall=0.820400 QPS=100956 NDC=2550.336
[2026-09-24T06:40:23Z INFO  adaptive_ee_ablation] L=22 adaptive_ee recall=0.816700 QPS=89327 NDC=2516.755
[2026-09-24T06:40:24Z INFO  adaptive_ee_ablation] L=24 full recall=0.832200 QPS=59480 NDC=2729.188
[2026-09-24T06:40:24Z INFO  adaptive_ee_ablation] L=24 adaptive recall=0.827100 QPS=58482 NDC=2685.936
[2026-09-24T06:40:24Z INFO  adaptive_ee_ablation] L=24 ee_only recall=0.832200 QPS=60737 NDC=2728.746
[2026-09-24T06:40:24Z INFO  adaptive_ee_ablation] L=24 adaptive_ee recall=0.827100 QPS=58010 NDC=2685.734
[2026-09-24T06:40:24Z INFO  adaptive_ee_ablation] L=28 full recall=0.853900 QPS=64704 NDC=3090.591
[2026-09-24T06:40:24Z INFO  adaptive_ee_ablation] L=28 adaptive recall=0.851800 QPS=62313 NDC=3034.674
[2026-09-24T06:40:24Z INFO  adaptive_ee_ablation] L=28 ee_only recall=0.853900 QPS=68665 NDC=3090.176
[2026-09-24T06:40:24Z INFO  adaptive_ee_ablation] L=28 adaptive_ee recall=0.851800 QPS=71873 NDC=3034.485
[2026-09-24T06:40:25Z INFO  adaptive_ee_ablation] L=32 full recall=0.872100 QPS=87712 NDC=3467.529
[2026-09-24T06:40:25Z INFO  adaptive_ee_ablation] L=32 adaptive recall=0.868400 QPS=89629 NDC=3385.515
[2026-09-24T06:40:25Z INFO  adaptive_ee_ablation] L=32 ee_only recall=0.872100 QPS=88123 NDC=3466.363
[2026-09-24T06:40:25Z INFO  adaptive_ee_ablation] L=32 adaptive_ee recall=0.868400 QPS=88695 NDC=3384.801
[2026-09-24T06:40:26Z INFO  adaptive_ee_ablation] L=36 full recall=0.888500 QPS=82813 NDC=3863.135
[2026-09-24T06:40:26Z INFO  adaptive_ee_ablation] L=36 adaptive recall=0.883900 QPS=83009 NDC=3765.466
[2026-09-24T06:40:26Z INFO  adaptive_ee_ablation] L=36 ee_only recall=0.888500 QPS=82537 NDC=3860.496
[2026-09-24T06:40:26Z INFO  adaptive_ee_ablation] L=36 adaptive_ee recall=0.883900 QPS=84224 NDC=3763.639
[2026-09-24T06:40:26Z INFO  adaptive_ee_ablation] L=40 full recall=0.902400 QPS=78786 NDC=4257.423
[2026-09-24T06:40:26Z INFO  adaptive_ee_ablation] L=40 adaptive recall=0.897700 QPS=78879 NDC=4138.113
[2026-09-24T06:40:26Z INFO  adaptive_ee_ablation] L=40 ee_only recall=0.902400 QPS=78666 NDC=4250.999
[2026-09-24T06:40:26Z INFO  adaptive_ee_ablation] L=40 adaptive_ee recall=0.897700 QPS=79484 NDC=4134.225
[2026-09-24T06:40:27Z INFO  adaptive_ee_ablation] L=44 full recall=0.912600 QPS=72735 NDC=4657.387
[2026-09-24T06:40:27Z INFO  adaptive_ee_ablation] L=44 adaptive recall=0.908900 QPS=72857 NDC=4515.772
[2026-09-24T06:40:27Z INFO  adaptive_ee_ablation] L=44 ee_only recall=0.912500 QPS=72628 NDC=4643.163
[2026-09-24T06:40:27Z INFO  adaptive_ee_ablation] L=44 adaptive_ee recall=0.908800 QPS=73239 NDC=4507.243
[2026-09-24T06:40:27Z INFO  adaptive_ee_ablation] L=48 full recall=0.920300 QPS=68146 NDC=5069.855
[2026-09-24T06:40:27Z INFO  adaptive_ee_ablation] L=48 adaptive recall=0.917100 QPS=69414 NDC=4904.528
[2026-09-24T06:40:27Z INFO  adaptive_ee_ablation] L=48 ee_only recall=0.920100 QPS=68526 NDC=5047.102
[2026-09-24T06:40:27Z INFO  adaptive_ee_ablation] L=48 adaptive_ee recall=0.916800 QPS=69158 NDC=4888.683
[2026-09-24T06:40:28Z INFO  adaptive_ee_ablation] L=52 full recall=0.926900 QPS=64636 NDC=5489.585
[2026-09-24T06:40:28Z INFO  adaptive_ee_ablation] L=52 adaptive recall=0.923700 QPS=66251 NDC=5293.125
[2026-09-24T06:40:28Z INFO  adaptive_ee_ablation] L=52 ee_only recall=0.926700 QPS=65078 NDC=5459.507
[2026-09-24T06:40:28Z INFO  adaptive_ee_ablation] L=52 adaptive_ee recall=0.923200 QPS=66427 NDC=5270.116
[2026-09-24T06:40:29Z INFO  adaptive_ee_ablation] L=56 full recall=0.934100 QPS=61870 NDC=5927.587
[2026-09-24T06:40:29Z INFO  adaptive_ee_ablation] L=56 adaptive recall=0.929900 QPS=63564 NDC=5695.734
[2026-09-24T06:40:29Z INFO  adaptive_ee_ablation] L=56 ee_only recall=0.934100 QPS=62465 NDC=5887.646
[2026-09-24T06:40:29Z INFO  adaptive_ee_ablation] L=56 adaptive_ee recall=0.929400 QPS=64062 NDC=5662.666
[2026-09-24T06:40:30Z INFO  adaptive_ee_ablation] L=60 full recall=0.939200 QPS=58192 NDC=6365.601
[2026-09-24T06:40:30Z INFO  adaptive_ee_ablation] L=60 adaptive recall=0.934700 QPS=60166 NDC=6103.393
[2026-09-24T06:40:30Z INFO  adaptive_ee_ablation] L=60 ee_only recall=0.939200 QPS=58239 NDC=6315.337
[2026-09-24T06:40:30Z INFO  adaptive_ee_ablation] L=60 adaptive_ee recall=0.934200 QPS=60068 NDC=6060.337
[2026-09-24T06:40:30Z INFO  adaptive_ee_ablation] L=64 full recall=0.943600 QPS=54183 NDC=6815.095
[2026-09-24T06:40:30Z INFO  adaptive_ee_ablation] L=64 adaptive recall=0.939100 QPS=56407 NDC=6521.345
[2026-09-24T06:40:30Z INFO  adaptive_ee_ablation] L=64 ee_only recall=0.943500 QPS=56308 NDC=6753.962
[2026-09-24T06:40:30Z INFO  adaptive_ee_ablation] L=64 adaptive_ee recall=0.938400 QPS=56683 NDC=6468.051
[2026-09-24T06:40:31Z INFO  adaptive_ee_ablation] L=72 full recall=0.951200 QPS=50208 NDC=7728.425
[2026-09-24T06:40:31Z INFO  adaptive_ee_ablation] L=72 adaptive recall=0.948300 QPS=51362 NDC=7366.408
[2026-09-24T06:40:31Z INFO  adaptive_ee_ablation] L=72 ee_only recall=0.950900 QPS=51152 NDC=7638.069
[2026-09-24T06:40:31Z INFO  adaptive_ee_ablation] L=72 adaptive_ee recall=0.947300 QPS=52311 NDC=7272.811
[2026-09-24T06:40:32Z INFO  adaptive_ee_ablation] L=80 full recall=0.957600 QPS=46517 NDC=8685.622
[2026-09-24T06:40:32Z INFO  adaptive_ee_ablation] L=80 adaptive recall=0.952500 QPS=48348 NDC=8251.008
[2026-09-24T06:40:32Z INFO  adaptive_ee_ablation] L=80 ee_only recall=0.957000 QPS=47431 NDC=8560.683
[2026-09-24T06:40:32Z INFO  adaptive_ee_ablation] L=80 adaptive_ee recall=0.951800 QPS=49671 NDC=8122.829
[2026-09-24T06:40:33Z INFO  adaptive_ee_ablation] L=90 full recall=0.964200 QPS=42720 NDC=9934.415
[2026-09-24T06:40:33Z INFO  adaptive_ee_ablation] L=90 adaptive recall=0.959800 QPS=44289 NDC=9415.525
[2026-09-24T06:40:33Z INFO  adaptive_ee_ablation] L=90 ee_only recall=0.963800 QPS=44070 NDC=9754.108
[2026-09-24T06:40:33Z INFO  adaptive_ee_ablation] L=90 adaptive_ee recall=0.958700 QPS=45840 NDC=9212.843
[2026-09-24T06:40:34Z INFO  adaptive_ee_ablation] L=100 full recall=0.968900 QPS=38548 NDC=11223.662
[2026-09-24T06:40:34Z INFO  adaptive_ee_ablation] L=100 adaptive recall=0.964600 QPS=40370 NDC=10604.92
[2026-09-24T06:40:34Z INFO  adaptive_ee_ablation] L=100 ee_only recall=0.968300 QPS=40056 NDC=10959.217
[2026-09-24T06:40:34Z INFO  adaptive_ee_ablation] L=100 adaptive_ee recall=0.962700 QPS=42064 NDC=10321.26
[2026-09-24T06:40:35Z INFO  adaptive_ee_ablation] L=114 full recall=0.974100 QPS=33617 NDC=13110.074
[2026-09-24T06:40:35Z INFO  adaptive_ee_ablation] L=114 adaptive recall=0.970800 QPS=35487 NDC=12360.65
[2026-09-24T06:40:35Z INFO  adaptive_ee_ablation] L=114 ee_only recall=0.973300 QPS=34535 NDC=12716.158
[2026-09-24T06:40:35Z INFO  adaptive_ee_ablation] L=114 adaptive_ee recall=0.969200 QPS=37150 NDC=11932.417
[2026-09-24T06:40:36Z INFO  adaptive_ee_ablation] L=128 full recall=0.978200 QPS=30688 NDC=15111.654
[2026-09-24T06:40:36Z INFO  adaptive_ee_ablation] L=128 adaptive recall=0.975000 QPS=31699 NDC=14193.635
[2026-09-24T06:40:36Z INFO  adaptive_ee_ablation] L=128 ee_only recall=0.977200 QPS=32052 NDC=14559.356
[2026-09-24T06:40:36Z INFO  adaptive_ee_ablation] L=128 adaptive_ee recall=0.972700 QPS=33804 NDC=13616.999
[2026-09-24T06:40:38Z INFO  adaptive_ee_ablation] L=144 full recall=0.981200 QPS=27587 NDC=17513.752
[2026-09-24T06:40:38Z INFO  adaptive_ee_ablation] L=144 adaptive recall=0.978700 QPS=28657 NDC=16425.293
[2026-09-24T06:40:38Z INFO  adaptive_ee_ablation] L=144 ee_only recall=0.980000 QPS=29230 NDC=16748.312
[2026-09-24T06:40:38Z INFO  adaptive_ee_ablation] L=144 adaptive_ee recall=0.976000 QPS=31153 NDC=15665.878
[2026-09-24T06:40:39Z INFO  adaptive_ee_ablation] L=160 full recall=0.984100 QPS=23113 NDC=20025.882
[2026-09-24T06:40:39Z INFO  adaptive_ee_ablation] L=160 adaptive recall=0.981300 QPS=25416 NDC=18760.004
[2026-09-24T06:40:39Z INFO  adaptive_ee_ablation] L=160 ee_only recall=0.982700 QPS=23036 NDC=19020.284
[2026-09-24T06:40:39Z INFO  adaptive_ee_ablation] L=160 adaptive_ee recall=0.977900 QPS=26786 NDC=17712.782
[2026-09-24T06:40:41Z INFO  adaptive_ee_ablation] L=180 full recall=0.986500 QPS=22220 NDC=23345.945
[2026-09-24T06:40:41Z INFO  adaptive_ee_ablation] L=180 adaptive recall=0.983900 QPS=23690 NDC=21829.705
[2026-09-24T06:40:41Z INFO  adaptive_ee_ablation] L=180 ee_only recall=0.985200 QPS=24259 NDC=22031.062
[2026-09-24T06:40:41Z INFO  adaptive_ee_ablation] L=180 adaptive_ee recall=0.981000 QPS=26137 NDC=20458.414
[2026-09-24T06:40:42Z INFO  adaptive_ee_ablation] L=200 full recall=0.988900 QPS=19990 NDC=26850.169
[2026-09-24T06:40:42Z INFO  adaptive_ee_ablation] L=200 adaptive recall=0.986100 QPS=21387 NDC=25076.244
[2026-09-24T06:40:42Z INFO  adaptive_ee_ablation] L=200 ee_only recall=0.987700 QPS=21983 NDC=25116.715
[2026-09-24T06:40:42Z INFO  adaptive_ee_ablation] L=200 adaptive_ee recall=0.983900 QPS=23745 NDC=23341.21
[2026-09-24T06:40:44Z INFO  adaptive_ee_ablation] L=224 full recall=0.990100 QPS=18146 NDC=31291.069
[2026-09-24T06:40:44Z INFO  adaptive_ee_ablation] L=224 adaptive recall=0.987600 QPS=19487 NDC=29176.561
[2026-09-24T06:40:44Z INFO  adaptive_ee_ablation] L=224 ee_only recall=0.988900 QPS=20285 NDC=29026.969
[2026-09-24T06:40:44Z INFO  adaptive_ee_ablation] L=224 adaptive_ee recall=0.985200 QPS=21728 NDC=26911.717
[2026-09-24T06:40:46Z INFO  adaptive_ee_ablation] L=256 full recall=0.991800 QPS=15928 NDC=37600.49
[2026-09-24T06:40:46Z INFO  adaptive_ee_ablation] L=256 adaptive recall=0.989300 QPS=17126 NDC=35069.09
[2026-09-24T06:40:46Z INFO  adaptive_ee_ablation] L=256 ee_only recall=0.991200 QPS=18107 NDC=34546.362
[2026-09-24T06:40:46Z INFO  adaptive_ee_ablation] L=256 adaptive_ee recall=0.986300 QPS=19741 NDC=32044.075
[2026-09-24T06:40:48Z INFO  adaptive_ee_ablation] L=288 full recall=0.992900 QPS=14150 NDC=44300.155
[2026-09-24T06:40:48Z INFO  adaptive_ee_ablation] L=288 adaptive recall=0.990400 QPS=15322 NDC=41299.792
[2026-09-24T06:40:48Z INFO  adaptive_ee_ablation] L=288 ee_only recall=0.991800 QPS=16086 NDC=40359.966
[2026-09-24T06:40:48Z INFO  adaptive_ee_ablation] L=288 adaptive_ee recall=0.987400 QPS=17925 NDC=37498.783
[2026-09-24T06:40:51Z INFO  adaptive_ee_ablation] L=320 full recall=0.993500 QPS=12784 NDC=51229.676
[2026-09-24T06:40:51Z INFO  adaptive_ee_ablation] L=320 adaptive recall=0.991200 QPS=13924 NDC=47739.415
[2026-09-24T06:40:51Z INFO  adaptive_ee_ablation] L=320 ee_only recall=0.992300 QPS=14861 NDC=46244.322
[2026-09-24T06:40:51Z INFO  adaptive_ee_ablation] L=320 adaptive_ee recall=0.988700 QPS=16471 NDC=43159.756
[2026-09-24T06:40:54Z INFO  adaptive_ee_ablation] L=384 full recall=0.994600 QPS=10563 NDC=66620.913
[2026-09-24T06:40:54Z INFO  adaptive_ee_ablation] L=384 adaptive recall=0.992500 QPS=11398 NDC=62121.018
[2026-09-24T06:40:54Z INFO  adaptive_ee_ablation] L=384 ee_only recall=0.993000 QPS=12574 NDC=59445.152
[2026-09-24T06:40:54Z INFO  adaptive_ee_ablation] L=384 adaptive_ee recall=0.989800 QPS=13750 NDC=55852.178
[2026-09-24T06:40:57Z INFO  adaptive_ee_ablation] L=448 full recall=0.995800 QPS=9028 NDC=83588.493
[2026-09-24T06:40:57Z INFO  adaptive_ee_ablation] L=448 adaptive recall=0.993600 QPS=9853 NDC=78034.42
[2026-09-24T06:40:57Z INFO  adaptive_ee_ablation] L=448 ee_only recall=0.993900 QPS=11134 NDC=73887.954
[2026-09-24T06:40:57Z INFO  adaptive_ee_ablation] L=448 adaptive_ee recall=0.991000 QPS=11953 NDC=69393.074
[2026-09-24T06:41:01Z INFO  adaptive_ee_ablation] L=512 full recall=0.996300 QPS=7803 NDC=101899.338
[2026-09-24T06:41:01Z INFO  adaptive_ee_ablation] L=512 adaptive recall=0.994100 QPS=8550 NDC=95198.706
[2026-09-24T06:41:01Z INFO  adaptive_ee_ablation] L=512 ee_only recall=0.994200 QPS=9730 NDC=89473.844
[2026-09-24T06:41:01Z INFO  adaptive_ee_ablation] L=512 adaptive_ee recall=0.992000 QPS=10508 NDC=84194.655
[2026-09-24T06:41:06Z INFO  adaptive_ee_ablation] L=640 full recall=0.997000 QPS=5834 NDC=143281.608
[2026-09-24T06:41:06Z INFO  adaptive_ee_ablation] L=640 adaptive recall=0.995000 QPS=6486 NDC=134295.883
[2026-09-24T06:41:06Z INFO  adaptive_ee_ablation] L=640 ee_only recall=0.995200 QPS=6809 NDC=124557.627
[2026-09-24T06:41:06Z INFO  adaptive_ee_ablation] L=640 adaptive_ee recall=0.992900 QPS=8089 NDC=117753.517
[2026-09-24T06:41:12Z INFO  adaptive_ee_ablation] L=768 full recall=0.997500 QPS=4602 NDC=190866.465
[2026-09-24T06:41:12Z INFO  adaptive_ee_ablation] L=768 adaptive recall=0.996400 QPS=5066 NDC=179219.925
[2026-09-24T06:41:12Z INFO  adaptive_ee_ablation] L=768 ee_only recall=0.995900 QPS=5945 NDC=165356.412
[2026-09-24T06:41:12Z INFO  adaptive_ee_ablation] L=768 adaptive_ee recall=0.993900 QPS=6373 NDC=156230.184
[2026-09-24T06:41:21Z INFO  adaptive_ee_ablation] L=1024 full recall=0.997900 QPS=3188 NDC=303103.988
[2026-09-24T06:41:21Z INFO  adaptive_ee_ablation] L=1024 adaptive recall=0.996800 QPS=3503 NDC=285547.989
[2026-09-24T06:41:21Z INFO  adaptive_ee_ablation] L=1024 ee_only recall=0.996700 QPS=4208 NDC=260592.852
[2026-09-24T06:41:21Z INFO  adaptive_ee_ablation] L=1024 adaptive_ee recall=0.995600 QPS=4485 NDC=246937.793
[2026-09-24T06:41:21Z INFO  adaptive_ee_ablation] Saved /Users/chanchunhou/ANNS/orion/visualizations/adaptive_ee_runs/20260924_143624/adaptive_ee_ablation_gist_k10.json
