[2026-09-24T06:36:54Z INFO  adaptive_ee_ablation::cli::cache] Reusing preset-compatible legacy cache cache/orion_parlayann/sift_n1000000_r64_l128_a1_15_ex16_pct60.bin
[2026-09-24T06:36:54Z INFO  adaptive_ee_ablation::cli::index] Loading cached PhasedGraph from "cache/orion_parlayann/sift_n1000000_r64_l128_a1_15_ex16_pct60.pgraph"
[2026-09-24T06:36:54Z INFO  orion::algorithm::search::calibrate] calibrate: 200 queries, 1177 gaps, gap_p50=1, gap_p90=7, gap_p95=11, tail_p50=34
[2026-09-24T06:36:54Z INFO  orion::algorithm::search::calibrate]   gap 0-1     : 694 (59.0%)
[2026-09-24T06:36:54Z INFO  orion::algorithm::search::calibrate]   gap 2       : 158 (13.4%)
[2026-09-24T06:36:54Z INFO  orion::algorithm::search::calibrate]   gap 3-4     : 131 (11.1%)
[2026-09-24T06:36:54Z INFO  orion::algorithm::search::calibrate]   gap 5-7     : 91 (7.7%)
[2026-09-24T06:36:54Z INFO  orion::algorithm::search::calibrate]   gap 8-15    : 77 (6.5%)
[2026-09-24T06:36:54Z INFO  orion::algorithm::search::calibrate]   gap 16-31   : 23 (2.0%)
[2026-09-24T06:36:54Z INFO  orion::algorithm::search::calibrate]   gap 32+     : 3 (0.3%)
[2026-09-24T06:36:54Z INFO  orion::algorithm::search::calibrate] calibrate result: k=10, metric=L2, threshold=0.17, early_exit_limit=11 (gap_p95)
[2026-09-24T06:36:54Z INFO  adaptive_ee_ablation] Shared calibration: threshold=0.171, EE limit=11
[2026-09-24T06:36:54Z INFO  orion::index::compressed_index] QuantizedDataset<u8/L2> loaded from "cache/orion_parlayann/sift_n1000000_r64_l128_a1_15_ex16_pct60.qds"
[2026-09-24T06:36:55Z INFO  adaptive_ee_ablation] L=16 full recall=0.919250 QPS=419704 NDC=977.4099
[2026-09-24T06:36:55Z INFO  adaptive_ee_ablation] L=16 adaptive recall=0.917670 QPS=422066 NDC=962.7032
[2026-09-24T06:36:55Z INFO  adaptive_ee_ablation] L=16 ee_only recall=0.919250 QPS=419974 NDC=977.4099
[2026-09-24T06:36:55Z INFO  adaptive_ee_ablation] L=16 adaptive_ee recall=0.917670 QPS=422869 NDC=962.7032
[2026-09-24T06:36:56Z INFO  adaptive_ee_ablation] L=18 full recall=0.932260 QPS=390294 NDC=1039.919
[2026-09-24T06:36:56Z INFO  adaptive_ee_ablation] L=18 adaptive recall=0.930190 QPS=393441 NDC=1020.0407
[2026-09-24T06:36:56Z INFO  adaptive_ee_ablation] L=18 ee_only recall=0.932260 QPS=390438 NDC=1039.919
[2026-09-24T06:36:56Z INFO  adaptive_ee_ablation] L=18 adaptive_ee recall=0.930190 QPS=395075 NDC=1020.0407
[2026-09-24T06:36:57Z INFO  adaptive_ee_ablation] L=20 full recall=0.942130 QPS=385083 NDC=1102.1292
[2026-09-24T06:36:57Z INFO  adaptive_ee_ablation] L=20 adaptive recall=0.940020 QPS=390538 NDC=1076.2278
[2026-09-24T06:36:57Z INFO  adaptive_ee_ablation] L=20 ee_only recall=0.942130 QPS=385642 NDC=1102.1233
[2026-09-24T06:36:57Z INFO  adaptive_ee_ablation] L=20 adaptive_ee recall=0.940020 QPS=390464 NDC=1076.2243
[2026-09-24T06:36:58Z INFO  adaptive_ee_ablation] L=22 full recall=0.949930 QPS=361848 NDC=1161.7944
[2026-09-24T06:36:58Z INFO  adaptive_ee_ablation] L=22 adaptive recall=0.948290 QPS=367434 NDC=1129.9117
[2026-09-24T06:36:58Z INFO  adaptive_ee_ablation] L=22 ee_only recall=0.949930 QPS=362543 NDC=1161.7432
[2026-09-24T06:36:58Z INFO  adaptive_ee_ablation] L=22 adaptive_ee recall=0.948290 QPS=367011 NDC=1129.888
[2026-09-24T06:37:00Z INFO  adaptive_ee_ablation] L=24 full recall=0.956300 QPS=340523 NDC=1221.0355
[2026-09-24T06:37:00Z INFO  adaptive_ee_ablation] L=24 adaptive recall=0.954410 QPS=347608 NDC=1182.5657
[2026-09-24T06:37:00Z INFO  adaptive_ee_ablation] L=24 ee_only recall=0.956300 QPS=341130 NDC=1220.7205
[2026-09-24T06:37:00Z INFO  adaptive_ee_ablation] L=24 adaptive_ee recall=0.954410 QPS=347048 NDC=1182.3941
[2026-09-24T06:37:01Z INFO  adaptive_ee_ablation] L=28 full recall=0.966320 QPS=305739 NDC=1337.2812
[2026-09-24T06:37:01Z INFO  adaptive_ee_ablation] L=28 adaptive recall=0.963820 QPS=312245 NDC=1284.8471
[2026-09-24T06:37:01Z INFO  adaptive_ee_ablation] L=28 ee_only recall=0.966310 QPS=306464 NDC=1335.4814
[2026-09-24T06:37:01Z INFO  adaptive_ee_ablation] L=28 adaptive_ee recall=0.963800 QPS=313406 NDC=1283.9042
[2026-09-24T06:37:02Z INFO  adaptive_ee_ablation] L=32 full recall=0.973140 QPS=274268 NDC=1451.7766
[2026-09-24T06:37:02Z INFO  adaptive_ee_ablation] L=32 adaptive recall=0.970840 QPS=282735 NDC=1383.9481
[2026-09-24T06:37:02Z INFO  adaptive_ee_ablation] L=32 ee_only recall=0.973080 QPS=275903 NDC=1446.6864
[2026-09-24T06:37:02Z INFO  adaptive_ee_ablation] L=32 adaptive_ee recall=0.970760 QPS=283447 NDC=1381.1742
[2026-09-24T06:37:04Z INFO  adaptive_ee_ablation] L=36 full recall=0.978360 QPS=251593 NDC=1565.1673
[2026-09-24T06:37:04Z INFO  adaptive_ee_ablation] L=36 adaptive recall=0.976020 QPS=259255 NDC=1481.441
[2026-09-24T06:37:04Z INFO  adaptive_ee_ablation] L=36 ee_only recall=0.978320 QPS=252458 NDC=1554.6014
[2026-09-24T06:37:04Z INFO  adaptive_ee_ablation] L=36 adaptive_ee recall=0.975940 QPS=260709 NDC=1475.5182
[2026-09-24T06:37:06Z INFO  adaptive_ee_ablation] L=40 full recall=0.982110 QPS=233658 NDC=1676.9559
[2026-09-24T06:37:06Z INFO  adaptive_ee_ablation] L=40 adaptive recall=0.980010 QPS=239069 NDC=1576.5678
[2026-09-24T06:37:06Z INFO  adaptive_ee_ablation] L=40 ee_only recall=0.981980 QPS=235780 NDC=1658.871
[2026-09-24T06:37:06Z INFO  adaptive_ee_ablation] L=40 adaptive_ee recall=0.979860 QPS=242379 NDC=1565.8811
[2026-09-24T06:37:07Z INFO  adaptive_ee_ablation] L=44 full recall=0.985080 QPS=216076 NDC=1787.3256
[2026-09-24T06:37:07Z INFO  adaptive_ee_ablation] L=44 adaptive recall=0.983200 QPS=224680 NDC=1669.4732
[2026-09-24T06:37:07Z INFO  adaptive_ee_ablation] L=44 ee_only recall=0.984900 QPS=219735 NDC=1759.8076
[2026-09-24T06:37:07Z INFO  adaptive_ee_ablation] L=44 adaptive_ee recall=0.982960 QPS=226303 NDC=1652.6724
[2026-09-24T06:37:09Z INFO  adaptive_ee_ablation] L=48 full recall=0.987550 QPS=190018 NDC=1895.9312
[2026-09-24T06:37:09Z INFO  adaptive_ee_ablation] L=48 adaptive recall=0.985760 QPS=202534 NDC=1760.4401
[2026-09-24T06:37:09Z INFO  adaptive_ee_ablation] L=48 ee_only recall=0.987330 QPS=191890 NDC=1857.4284
[2026-09-24T06:37:09Z INFO  adaptive_ee_ablation] L=48 adaptive_ee recall=0.985490 QPS=204832 NDC=1735.6581
[2026-09-24T06:37:11Z INFO  adaptive_ee_ablation] L=52 full recall=0.989420 QPS=185469 NDC=2003.1051
[2026-09-24T06:37:11Z INFO  adaptive_ee_ablation] L=52 adaptive recall=0.987610 QPS=195467 NDC=1849.967
[2026-09-24T06:37:11Z INFO  adaptive_ee_ablation] L=52 ee_only recall=0.989240 QPS=192251 NDC=1950.8735
[2026-09-24T06:37:11Z INFO  adaptive_ee_ablation] L=52 adaptive_ee recall=0.987220 QPS=199889 NDC=1816.4942
[2026-09-24T06:37:13Z INFO  adaptive_ee_ablation] L=56 full recall=0.990850 QPS=175573 NDC=2108.7354
[2026-09-24T06:37:13Z INFO  adaptive_ee_ablation] L=56 adaptive recall=0.989280 QPS=184129 NDC=1937.9956
[2026-09-24T06:37:13Z INFO  adaptive_ee_ablation] L=56 ee_only recall=0.990650 QPS=181505 NDC=2041.2302
[2026-09-24T06:37:13Z INFO  adaptive_ee_ablation] L=56 adaptive_ee recall=0.988900 QPS=189240 NDC=1894.7622
[2026-09-24T06:37:16Z INFO  adaptive_ee_ablation] L=60 full recall=0.992200 QPS=165777 NDC=2213.1056
[2026-09-24T06:37:16Z INFO  adaptive_ee_ablation] L=60 adaptive recall=0.990610 QPS=174041 NDC=2024.124
[2026-09-24T06:37:16Z INFO  adaptive_ee_ablation] L=60 ee_only recall=0.991960 QPS=172536 NDC=2129.26
[2026-09-24T06:37:16Z INFO  adaptive_ee_ablation] L=60 adaptive_ee recall=0.990170 QPS=179985 NDC=1969.954
[2026-09-24T06:37:18Z INFO  adaptive_ee_ablation] L=64 full recall=0.993120 QPS=155287 NDC=2316.3094
[2026-09-24T06:37:18Z INFO  adaptive_ee_ablation] L=64 adaptive recall=0.991730 QPS=163590 NDC=2108.3386
[2026-09-24T06:37:18Z INFO  adaptive_ee_ablation] L=64 ee_only recall=0.992890 QPS=162683 NDC=2213.9612
[2026-09-24T06:37:18Z INFO  adaptive_ee_ablation] L=64 adaptive_ee recall=0.991290 QPS=170245 NDC=2041.3755
[2026-09-24T06:37:20Z INFO  adaptive_ee_ablation] L=72 full recall=0.994850 QPS=137921 NDC=2518.868
[2026-09-24T06:37:20Z INFO  adaptive_ee_ablation] L=72 adaptive recall=0.993480 QPS=145616 NDC=2273.1526
[2026-09-24T06:37:20Z INFO  adaptive_ee_ablation] L=72 ee_only recall=0.994480 QPS=145662 NDC=2372.6754
[2026-09-24T06:37:20Z INFO  adaptive_ee_ablation] L=72 adaptive_ee recall=0.992910 QPS=154489 NDC=2177.1893
[2026-09-24T06:37:23Z INFO  adaptive_ee_ablation] L=80 full recall=0.996080 QPS=122980 NDC=2717.4308
[2026-09-24T06:37:23Z INFO  adaptive_ee_ablation] L=80 adaptive recall=0.994820 QPS=119721 NDC=2433.7888
[2026-09-24T06:37:23Z INFO  adaptive_ee_ablation] L=80 ee_only recall=0.995640 QPS=125831 NDC=2520.021
[2026-09-24T06:37:23Z INFO  adaptive_ee_ablation] L=80 adaptive_ee recall=0.994180 QPS=141243 NDC=2300.9569
[2026-09-24T06:37:26Z INFO  adaptive_ee_ablation] L=90 full recall=0.996950 QPS=112661 NDC=2959.9983
[2026-09-24T06:37:26Z INFO  adaptive_ee_ablation] L=90 adaptive recall=0.996080 QPS=120319 NDC=2627.7576
[2026-09-24T06:37:26Z INFO  adaptive_ee_ablation] L=90 ee_only recall=0.996510 QPS=122770 NDC=2695.5283
[2026-09-24T06:37:26Z INFO  adaptive_ee_ablation] L=90 adaptive_ee recall=0.995280 QPS=129755 NDC=2448.4811
[2026-09-24T06:37:29Z INFO  adaptive_ee_ablation] L=100 full recall=0.997610 QPS=101911 NDC=3196.7105
[2026-09-24T06:37:29Z INFO  adaptive_ee_ablation] L=100 adaptive recall=0.996700 QPS=109392 NDC=2814.8429
[2026-09-24T06:37:29Z INFO  adaptive_ee_ablation] L=100 ee_only recall=0.997150 QPS=113033 NDC=2852.0801
[2026-09-24T06:37:29Z INFO  adaptive_ee_ablation] L=100 adaptive_ee recall=0.995990 QPS=119429 NDC=2582.7359
[2026-09-24T06:37:33Z INFO  adaptive_ee_ablation] L=114 full recall=0.998120 QPS=91427 NDC=3520.24
[2026-09-24T06:37:33Z INFO  adaptive_ee_ablation] L=114 adaptive recall=0.997500 QPS=98517 NDC=3069.484
[2026-09-24T06:37:33Z INFO  adaptive_ee_ablation] L=114 ee_only recall=0.997720 QPS=103952 NDC=3055.172
[2026-09-24T06:37:33Z INFO  adaptive_ee_ablation] L=114 adaptive_ee recall=0.996850 QPS=110464 NDC=2756.3587
[2026-09-24T06:37:36Z INFO  adaptive_ee_ablation] L=128 full recall=0.998400 QPS=83192 NDC=3834.8095
[2026-09-24T06:37:36Z INFO  adaptive_ee_ablation] L=128 adaptive recall=0.997980 QPS=90470 NDC=3315.2145
[2026-09-24T06:37:36Z INFO  adaptive_ee_ablation] L=128 ee_only recall=0.998050 QPS=96721 NDC=3244.0907
[2026-09-24T06:37:36Z INFO  adaptive_ee_ablation] L=128 adaptive_ee recall=0.997350 QPS=102972 NDC=2922.4574
[2026-09-24T06:37:40Z INFO  adaptive_ee_ablation] L=144 full recall=0.998620 QPS=74655 NDC=4185.1099
[2026-09-24T06:37:40Z INFO  adaptive_ee_ablation] L=144 adaptive recall=0.998310 QPS=81947 NDC=3587.2687
[2026-09-24T06:37:40Z INFO  adaptive_ee_ablation] L=144 ee_only recall=0.998240 QPS=88744 NDC=3440.2268
[2026-09-24T06:37:40Z INFO  adaptive_ee_ablation] L=144 adaptive_ee recall=0.997790 QPS=95037 NDC=3096.5223
[2026-09-24T06:37:45Z INFO  adaptive_ee_ablation] L=160 full recall=0.998810 QPS=67939 NDC=4525.9843
[2026-09-24T06:37:45Z INFO  adaptive_ee_ablation] L=160 adaptive recall=0.998560 QPS=74919 NDC=3849.915
[2026-09-24T06:37:45Z INFO  adaptive_ee_ablation] L=160 ee_only recall=0.998390 QPS=83055 NDC=3624.6656
[2026-09-24T06:37:45Z INFO  adaptive_ee_ablation] L=160 adaptive_ee recall=0.998140 QPS=89068 NDC=3260.1282
[2026-09-24T06:37:49Z INFO  adaptive_ee_ablation] L=180 full recall=0.999030 QPS=61801 NDC=4940.6717
[2026-09-24T06:37:49Z INFO  adaptive_ee_ablation] L=180 adaptive recall=0.998750 QPS=67937 NDC=4166.8436
[2026-09-24T06:37:49Z INFO  adaptive_ee_ablation] L=180 ee_only recall=0.998670 QPS=76870 NDC=3838.7789
[2026-09-24T06:37:49Z INFO  adaptive_ee_ablation] L=180 adaptive_ee recall=0.998330 QPS=81517 NDC=3456.0007
[2026-09-24T06:37:54Z INFO  adaptive_ee_ablation] L=200 full recall=0.999200 QPS=56568 NDC=5344.0145
[2026-09-24T06:37:54Z INFO  adaptive_ee_ablation] L=200 adaptive recall=0.998930 QPS=62650 NDC=4475.4147
[2026-09-24T06:37:54Z INFO  adaptive_ee_ablation] L=200 ee_only recall=0.998820 QPS=72046 NDC=4038.0006
[2026-09-24T06:37:54Z INFO  adaptive_ee_ablation] L=200 adaptive_ee recall=0.998520 QPS=76475 NDC=3644.6839
[2026-09-24T06:38:00Z INFO  adaptive_ee_ablation] L=224 full recall=0.999230 QPS=51289 NDC=5814.9154
[2026-09-24T06:38:00Z INFO  adaptive_ee_ablation] L=224 adaptive recall=0.999030 QPS=56967 NDC=4832.6937
[2026-09-24T06:38:00Z INFO  adaptive_ee_ablation] L=224 ee_only recall=0.998950 QPS=66722 NDC=4264.6717
[2026-09-24T06:38:00Z INFO  adaptive_ee_ablation] L=224 adaptive_ee recall=0.998660 QPS=71222 NDC=3851.2111
[2026-09-24T06:38:06Z INFO  adaptive_ee_ablation] L=256 full recall=0.999300 QPS=45421 NDC=6423.1809
[2026-09-24T06:38:06Z INFO  adaptive_ee_ablation] L=256 adaptive recall=0.999140 QPS=50973 NDC=5291.8523
[2026-09-24T06:38:06Z INFO  adaptive_ee_ablation] L=256 ee_only recall=0.999090 QPS=61263 NDC=4542.7252
[2026-09-24T06:38:06Z INFO  adaptive_ee_ablation] L=256 adaptive_ee recall=0.998830 QPS=65153 NDC=4115.0804
[2026-09-24T06:38:12Z INFO  adaptive_ee_ablation] L=288 full recall=0.999370 QPS=40805 NDC=7011.9703
[2026-09-24T06:38:12Z INFO  adaptive_ee_ablation] L=288 adaptive recall=0.999250 QPS=46072 NDC=5731.7925
[2026-09-24T06:38:12Z INFO  adaptive_ee_ablation] L=288 ee_only recall=0.999130 QPS=56623 NDC=4796.6613
[2026-09-24T06:38:12Z INFO  adaptive_ee_ablation] L=288 adaptive_ee recall=0.998970 QPS=59880 NDC=4360.2174
[2026-09-24T06:38:20Z INFO  adaptive_ee_ablation] L=320 full recall=0.999390 QPS=36946 NDC=7583.2124
[2026-09-24T06:38:20Z INFO  adaptive_ee_ablation] L=320 adaptive recall=0.999310 QPS=42016 NDC=6157.9782
[2026-09-24T06:38:20Z INFO  adaptive_ee_ablation] L=320 ee_only recall=0.999160 QPS=52411 NDC=5047.1796
[2026-09-24T06:38:20Z INFO  adaptive_ee_ablation] L=320 adaptive_ee recall=0.999040 QPS=55351 NDC=4612.42
[2026-09-24T06:38:28Z INFO  adaptive_ee_ablation] L=384 full recall=0.999420 QPS=30557 NDC=8678.6209
[2026-09-24T06:38:28Z INFO  adaptive_ee_ablation] L=384 adaptive recall=0.999350 QPS=35215 NDC=6971.0976
[2026-09-24T06:38:28Z INFO  adaptive_ee_ablation] L=384 ee_only recall=0.999290 QPS=44305 NDC=5509.332
[2026-09-24T06:38:28Z INFO  adaptive_ee_ablation] L=384 adaptive_ee recall=0.999150 QPS=46497 NDC=5056.1891
[2026-09-24T06:38:38Z INFO  adaptive_ee_ablation] L=448 full recall=0.999440 QPS=26575 NDC=9723.0813
[2026-09-24T06:38:38Z INFO  adaptive_ee_ablation] L=448 adaptive recall=0.999400 QPS=30403 NDC=7741.2988
[2026-09-24T06:38:38Z INFO  adaptive_ee_ablation] L=448 ee_only recall=0.999330 QPS=39860 NDC=5938.905
[2026-09-24T06:38:38Z INFO  adaptive_ee_ablation] L=448 adaptive_ee recall=0.999250 QPS=41182 NDC=5474.7555
[2026-09-24T06:38:49Z INFO  adaptive_ee_ablation] L=512 full recall=0.999440 QPS=23525 NDC=10724.9222
[2026-09-24T06:38:49Z INFO  adaptive_ee_ablation] L=512 adaptive recall=0.999420 QPS=26818 NDC=8476.1543
[2026-09-24T06:38:49Z INFO  adaptive_ee_ablation] L=512 ee_only recall=0.999350 QPS=35439 NDC=6356.8783
[2026-09-24T06:38:49Z INFO  adaptive_ee_ablation] L=512 adaptive_ee recall=0.999310 QPS=36899 NDC=5875.5831
[2026-09-24T06:39:02Z INFO  adaptive_ee_ablation] L=640 full recall=0.999440 QPS=18623 NDC=12622.7006
[2026-09-24T06:39:02Z INFO  adaptive_ee_ablation] L=640 adaptive recall=0.999420 QPS=21766 NDC=9867.1448
[2026-09-24T06:39:02Z INFO  adaptive_ee_ablation] L=640 ee_only recall=0.999400 QPS=28735 NDC=7142.9751
[2026-09-24T06:39:02Z INFO  adaptive_ee_ablation] L=640 adaptive_ee recall=0.999360 QPS=30568 NDC=6642.0506
[2026-09-24T06:39:18Z INFO  adaptive_ee_ablation] L=768 full recall=0.999440 QPS=15517 NDC=14406.5491
[2026-09-24T06:39:18Z INFO  adaptive_ee_ablation] L=768 adaptive recall=0.999430 QPS=17860 NDC=11166.0563
[2026-09-24T06:39:18Z INFO  adaptive_ee_ablation] L=768 ee_only recall=0.999410 QPS=24383 NDC=7859.2286
[2026-09-24T06:39:18Z INFO  adaptive_ee_ablation] L=768 adaptive_ee recall=0.999390 QPS=25241 NDC=7344.5291
[2026-09-24T06:39:39Z INFO  adaptive_ee_ablation] L=1024 full recall=0.999440 QPS=11789 NDC=17712.9677
[2026-09-24T06:39:39Z INFO  adaptive_ee_ablation] L=1024 adaptive recall=0.999440 QPS=13525 NDC=13563.4669
[2026-09-24T06:39:39Z INFO  adaptive_ee_ablation] L=1024 ee_only recall=0.999430 QPS=18885 NDC=9148.5783
[2026-09-24T06:39:39Z INFO  adaptive_ee_ablation] L=1024 adaptive_ee recall=0.999430 QPS=19401 NDC=8625.9086
[2026-09-24T06:39:45Z INFO  adaptive_ee_ablation] Saved /Users/chanchunhou/ANNS/orion/visualizations/adaptive_ee_runs/20260924_143624/adaptive_ee_ablation_sift_k10.json
