[2026-09-22T02:28:56Z INFO  adaptive::cli::cache] Reusing preset-compatible legacy cache cache/orion_parlayann/sift_n1000000_r64_l128_a1_15_ex16_pct60.bin
[2026-09-22T02:28:56Z INFO  adaptive::cli::index] Loading cached PhasedGraph from "cache/orion_parlayann/sift_n1000000_r64_l128_a1_15_ex16_pct60.pgraph"
[2026-09-22T02:28:56Z INFO  orion::algorithm::search::calibrate] calibrate: 200 queries, 7146 gaps, gap_p50=1, gap_p90=6, gap_p95=11, tail_p50=97
[2026-09-22T02:28:56Z INFO  orion::algorithm::search::calibrate]   gap 0-1     : 4565 (63.9%)
[2026-09-22T02:28:56Z INFO  orion::algorithm::search::calibrate]   gap 2       : 949 (13.3%)
[2026-09-22T02:28:56Z INFO  orion::algorithm::search::calibrate]   gap 3-4     : 693 (9.7%)
[2026-09-22T02:28:56Z INFO  orion::algorithm::search::calibrate]   gap 5-7     : 381 (5.3%)
[2026-09-22T02:28:56Z INFO  orion::algorithm::search::calibrate]   gap 8-15    : 308 (4.3%)
[2026-09-22T02:28:56Z INFO  orion::algorithm::search::calibrate]   gap 16-31   : 157 (2.2%)
[2026-09-22T02:28:56Z INFO  orion::algorithm::search::calibrate]   gap 32+     : 93 (1.3%)
[2026-09-22T02:28:56Z INFO  orion::algorithm::search::calibrate] calibrate result: k=100, metric=L2, threshold=0.24, early_exit_limit=11 (gap_p95)
[2026-09-22T02:28:56Z INFO  orion::index::compressed_index] QuantizedDataset<u8/L2> loaded from "cache/orion_parlayann/sift_n1000000_r64_l128_a1_15_ex16_pct60.qds"
[2026-09-22T02:28:58Z INFO  adaptive] L=100 full_neighbor R@100=0.975663 QPS=97189
[2026-09-22T02:28:58Z INFO  adaptive] L=100 local_only R@100=0.961658 QPS=116783
[2026-09-22T02:28:58Z INFO  adaptive] L=100 local_extra R@100=0.966299 QPS=108621
[2026-09-22T02:29:00Z INFO  adaptive] L=112 full_neighbor R@100=0.986877 QPS=88327
[2026-09-22T02:29:00Z INFO  adaptive] L=112 local_only R@100=0.972285 QPS=107346
[2026-09-22T02:29:00Z INFO  adaptive] L=112 local_extra R@100=0.976759 QPS=99509
[2026-09-22T02:29:02Z INFO  adaptive] L=128 full_neighbor R@100=0.990559 QPS=78820
[2026-09-22T02:29:02Z INFO  adaptive] L=128 local_only R@100=0.978442 QPS=97035
[2026-09-22T02:29:02Z INFO  adaptive] L=128 local_extra R@100=0.981871 QPS=89567
[2026-09-22T02:29:05Z INFO  adaptive] L=144 full_neighbor R@100=0.993059 QPS=70280
[2026-09-22T02:29:05Z INFO  adaptive] L=144 local_only R@100=0.982601 QPS=87819
[2026-09-22T02:29:05Z INFO  adaptive] L=144 local_extra R@100=0.985390 QPS=80874
[2026-09-22T02:29:08Z INFO  adaptive] L=160 full_neighbor R@100=0.994700 QPS=64318
[2026-09-22T02:29:08Z INFO  adaptive] L=160 local_only R@100=0.985942 QPS=80527
[2026-09-22T02:29:08Z INFO  adaptive] L=160 local_extra R@100=0.988159 QPS=73797
[2026-09-22T02:29:11Z INFO  adaptive] L=180 full_neighbor R@100=0.996123 QPS=58364
[2026-09-22T02:29:11Z INFO  adaptive] L=180 local_only R@100=0.988863 QPS=71931
[2026-09-22T02:29:11Z INFO  adaptive] L=180 local_extra R@100=0.990601 QPS=64137
[2026-09-22T02:29:14Z INFO  adaptive] L=200 full_neighbor R@100=0.997083 QPS=53301
[2026-09-22T02:29:14Z INFO  adaptive] L=200 local_only R@100=0.991128 QPS=67359
[2026-09-22T02:29:14Z INFO  adaptive] L=200 local_extra R@100=0.992459 QPS=61775
[2026-09-22T02:29:18Z INFO  adaptive] L=224 full_neighbor R@100=0.997823 QPS=48836
[2026-09-22T02:29:18Z INFO  adaptive] L=224 local_only R@100=0.992945 QPS=62042
[2026-09-22T02:29:18Z INFO  adaptive] L=224 local_extra R@100=0.993991 QPS=56862
[2026-09-22T02:29:22Z INFO  adaptive] L=256 full_neighbor R@100=0.998500 QPS=43332
[2026-09-22T02:29:22Z INFO  adaptive] L=256 local_only R@100=0.994652 QPS=55831
[2026-09-22T02:29:22Z INFO  adaptive] L=256 local_extra R@100=0.995439 QPS=50955
[2026-09-22T02:29:27Z INFO  adaptive] L=288 full_neighbor R@100=0.998933 QPS=39079
[2026-09-22T02:29:27Z INFO  adaptive] L=288 local_only R@100=0.995829 QPS=50608
[2026-09-22T02:29:27Z INFO  adaptive] L=288 local_extra R@100=0.996459 QPS=46056
[2026-09-22T02:29:31Z INFO  adaptive] L=320 full_neighbor R@100=0.999220 QPS=35304
[2026-09-22T02:29:31Z INFO  adaptive] L=320 local_only R@100=0.996692 QPS=46446
[2026-09-22T02:29:31Z INFO  adaptive] L=320 local_extra R@100=0.997185 QPS=42170
[2026-09-22T02:29:37Z INFO  adaptive] L=384 full_neighbor R@100=0.999519 QPS=30060
[2026-09-22T02:29:37Z INFO  adaptive] L=384 local_only R@100=0.997788 QPS=39069
[2026-09-22T02:29:37Z INFO  adaptive] L=384 local_extra R@100=0.998095 QPS=35717
[2026-09-22T02:29:43Z INFO  adaptive] L=448 full_neighbor R@100=0.999688 QPS=26075
[2026-09-22T02:29:43Z INFO  adaptive] L=448 local_only R@100=0.998444 QPS=34105
[2026-09-22T02:29:43Z INFO  adaptive] L=448 local_extra R@100=0.998675 QPS=30998
[2026-09-22T02:29:51Z INFO  adaptive] L=512 full_neighbor R@100=0.999761 QPS=22852
[2026-09-22T02:29:51Z INFO  adaptive] L=512 local_only R@100=0.998872 QPS=29902
[2026-09-22T02:29:51Z INFO  adaptive] L=512 local_extra R@100=0.999013 QPS=27295
[2026-09-22T02:30:00Z INFO  adaptive] L=640 full_neighbor R@100=0.999829 QPS=18578
[2026-09-22T02:30:00Z INFO  adaptive] L=640 local_only R@100=0.999300 QPS=24422
[2026-09-22T02:30:00Z INFO  adaptive] L=640 local_extra R@100=0.999390 QPS=22252
[2026-09-22T02:30:11Z INFO  adaptive] L=768 full_neighbor R@100=0.999853 QPS=15197
[2026-09-22T02:30:11Z INFO  adaptive] L=768 local_only R@100=0.999547 QPS=19934
[2026-09-22T02:30:11Z INFO  adaptive] L=768 local_extra R@100=0.999599 QPS=18285
[2026-09-22T02:30:25Z INFO  adaptive] L=1024 full_neighbor R@100=0.999881 QPS=11626
[2026-09-22T02:30:25Z INFO  adaptive] L=1024 local_only R@100=0.999740 QPS=15098
[2026-09-22T02:30:25Z INFO  adaptive] L=1024 local_extra R@100=0.999751 QPS=13844
[2026-09-22T02:30:48Z INFO  adaptive] L=1536 full_neighbor R@100=0.999886 QPS=7366
[2026-09-22T02:30:48Z INFO  adaptive] L=1536 local_only R@100=0.999842 QPS=9442
[2026-09-22T02:30:48Z INFO  adaptive] L=1536 local_extra R@100=0.999854 QPS=8741
[2026-09-22T02:31:18Z INFO  adaptive] L=2048 full_neighbor R@100=0.999888 QPS=5487
[2026-09-22T02:31:18Z INFO  adaptive] L=2048 local_only R@100=0.999873 QPS=6986
[2026-09-22T02:31:18Z INFO  adaptive] L=2048 local_extra R@100=0.999875 QPS=6479
[2026-09-22T02:31:18Z INFO  adaptive] Saved /Users/chanchunhou/ANNS/orion/visualizations/adaptive_runs/20260922_102633_50186/adaptive_sift_k100.json
